============================= test session starts =============================
platform win32 -- Python 3.12.3, pytest-8.4.2, pluggy-1.6.0
rootdir: C:\Users\shaik\Documents\Ashen\digital_forensic_surgeon
configfile: pyproject.toml
plugins: anyio-4.11.0, dash-3.2.0, asyncio-1.2.0, cov-7.0.0
asyncio: mode=Mode.STRICT, debug=False, asyncio_default_fixture_loop_scope=None, asyncio_default_test_loop_scope=function
collected 0 items / 2 errors

=================================== ERRORS ====================================
___________________ ERROR collecting test_beast_upgrade.py ____________________
ImportError while importing test module 'C:\Users\shaik\Documents\Ashen\digital_forensic_surgeon\test_beast_upgrade.py'.
Hint: make sure your test modules/packages have valid Python names.
Traceback:
C:\Program Files\Python312\Lib\importlib\__init__.py:90: in import_module
    return _bootstrap._gcd_import(name[level:], package, level)
           ^^^^^^^^^^^^^^^^^^^^^^^^^^^^^^^^^^^^^^^^^^^^^^^^^^^^
__init__.py:8: in <module>
    from .core.models import (
E   ModuleNotFoundError: No module named 'digital_forensic_surgeon.core'
_________________ ERROR collecting test_dashboard_buttons.py __________________
ImportError while importing test module 'C:\Users\shaik\Documents\Ashen\digital_forensic_surgeon\test_dashboard_buttons.py'.
Hint: make sure your test modules/packages have valid Python names.
Traceback:
C:\Program Files\Python312\Lib\importlib\__init__.py:90: in import_module
    return _bootstrap._gcd_import(name[level:], package, level)
           ^^^^^^^^^^^^^^^^^^^^^^^^^^^^^^^^^^^^^^^^^^^^^^^^^^^^
__init__.py:8: in <module>
    from .core.models import (
E   ModuleNotFoundError: No module named 'digital_forensic_surgeon.core'
============================== warnings summary ===============================
..\..\..\AppData\Roaming\Python\Python312\site-packages\_pytest\config\__init__.py:1533
  C:\Users\shaik\AppData\Roaming\Python\Python312\site-packages\_pytest\config\__init__.py:1533: PytestConfigWarning: No files were found in testpaths; consider removing or adjusting your testpaths configuration. Searching recursively from the current directory instead.
    self.args, self.args_source = self._decide_args(

-- Docs: https://docs.pytest.org/en/stable/how-to/capture-warnings.html
=========================== short test summary info ===========================
ERROR test_beast_upgrade.py
ERROR test_dashboard_buttons.py
!!!!!!!!!!!!!!!!!!! Interrupted: 2 errors during collection !!!!!!!!!!!!!!!!!!!
======================== 1 warning, 2 errors in 0.39s =========================
